<!DOCTYPE html><html lang="en" class="inter_a869fe2d-module__Nl2jCG__variable playfair_display_62fbafff-module__QowLcq__variable scroll-smooth"><head><meta charSet="utf-8"/><meta name="viewport" content="width=device-width, initial-scale=1"/><link rel="stylesheet" href="/_next/static/chunks/%5Broot-of-the-server%5D__67ce84ca._.css" data-precedence="next_static/chunks/[root-of-the-server]__67ce84ca._.css"/><link rel="preload" as="script" fetchPriority="low" href="/_next/static/chunks/%5Bturbopack%5D_browser_dev_hmr-client_hmr-client_ts_956a0d3a._.js"/><script src="/_next/static/chunks/node_modules_next_dist_compiled_react-dom_1e674e59._.js" async=""></script><script src="/_next/static/chunks/node_modules_next_dist_compiled_react-server-dom-turbopack_9212ccad._.js" async=""></script><script src="/_next/static/chunks/node_modules_next_dist_compiled_next-devtools_index_1dd7fb59.js" async=""></script><script src="/_next/static/chunks/node_modules_next_dist_compiled_a0e4c7b4._.js" async=""></script><script src="/_next/static/chunks/node_modules_next_dist_client_17643121._.js" async=""></script><script src="/_next/static/chunks/node_modules_next_dist_f3530cac._.js" async=""></script><script src="/_next/static/chunks/node_modules_%40swc_helpers_cjs_d80fb378._.js" async=""></script><script src="/_next/static/chunks/_a0ff3932._.js" async=""></script><script src="/_next/static/chunks/turbopack-_23a915ee._.js" async=""></script><script src="/_next/static/chunks/node_modules_next_dist_be32b49c._.js" async=""></script><script src="/_next/static/chunks/src_app_favicon_ico_mjs_81d86e48._.js" async=""></script><script src="/_next/static/chunks/_82c82338._.js" async=""></script><script src="/_next/static/chunks/node_modules_next_a5adf73a._.js" async=""></script><script src="/_next/static/chunks/node_modules_%40firebase_auth_dist_esm_41d6d1e7._.js" async=""></script><script src="/_next/static/chunks/node_modules_%40firebase_firestore_dist_5fba790c._.js" async=""></script><script src="/_next/static/chunks/node_modules_tailwind-merge_dist_bundle-mjs_mjs_56b6fd65._.js" async=""></script><script src="/_next/static/chunks/node_modules_312ad4ac._.js" async=""></script><script src="/_next/static/chunks/src_a02903b8._.js" async=""></script><script src="/_next/static/chunks/src_app_layout_1cf6b850.js" async=""></script><script src="/_next/static/chunks/src_app_error_5ae81633.js" async=""></script><script src="/_next/static/chunks/src_app_error_b135f38e.js" async=""></script><script src="/_next/static/chunks/src_app_not-found_b135f38e.js" async=""></script><script src="/_next/static/chunks/node_modules_aa7d0a6f._.js" async=""></script><script src="/_next/static/chunks/src_f88e00e6._.js" async=""></script><script src="/_next/static/chunks/src_app_auctions_page_b135f38e.js" async=""></script><script src="/_next/static/chunks/node_modules_next_dist_client_components_builtin_global-error_1cf6b850.js" async=""></script><link rel="preload" href="https://www.googletagmanager.com/gtag/js?id=G-157L7EBZZG" as="script"/><meta name="next-size-adjust" content=""/><title>Akuzie | Where Everything Hits Different</title><meta name="description" content="A dynamic digital space that connects it all in one place."/><meta name="author" content="Akshath"/><meta name="keywords" content="akuzie,digital space,dynamic,platform,connect,experience,online"/><meta name="creator" content="Akshath"/><meta name="publisher" content="Akuzie"/><meta name="robots" content="index, follow"/><meta name="googlebot" content="index, follow, max-video-preview:-1, max-image-preview:large, max-snippet:-1"/><meta name="google-site-verification" content="google-site-verification=google9cfe29dd6eccd1c1"/><meta name="yandex-verification" content="yandex-verification=YOUR_VERIFICATION_CODE"/><meta name="msvalidate.01" content="3EEFA2BC8606071A2BC80F135DD9F5E8"/><meta property="og:title" content="Akuzie | Where Everything Hits Different"/><meta property="og:description" content="A dynamic digital space that connects it all in one place."/><meta property="og:url" content="https://akuzie.in"/><meta property="og:site_name" content="Akuzie"/><meta property="og:locale" content="en_US"/><meta property="og:image" content="https://akuzie.in/opengraph-image"/><meta property="og:image:width" content="1200"/><meta property="og:image:height" content="630"/><meta property="og:image:alt" content="Akuzie - Where Everything Hits Different"/><meta property="og:type" content="website"/><meta name="twitter:card" content="summary_large_image"/><meta name="twitter:creator" content="@akuzie_art"/><meta name="twitter:title" content="Akuzie | Where Everything Hits Different"/><meta name="twitter:description" content="A dynamic digital space that connects it all in one place."/><meta name="twitter:image" content="https://akuzie.in/opengraph-image"/><link rel="icon" href="/favicon.ico?favicon.a60ecce9.ico" sizes="32x32" type="image/x-icon"/><link rel="icon" href="/icon.png"/><link rel="apple-touch-icon" href="/apple-icon.png"/><script src="/_next/static/chunks/node_modules_next_dist_build_polyfills_polyfill-nomodule.js" noModule=""></script></head><body class="bg-[#fafafa] min-h-screen flex flex-col font-sans selection:bg-stone-900 selection:text-white antialiased"><div hidden=""><!--$--><!--/$--></div><nav class="fixed top-0 z-50 w-full transition-all duration-300 border-b border-transparent bg-transparent py-6"><div class="max-w-7xl mx-auto px-6 lg:px-12"><div class="flex justify-between items-center h-12"><div class="flex items-center gap-4 md:hidden"><button class="focus:outline-none text-gray-900 hover:text-gray-600"><svg xmlns="http://www.w3.org/2000/svg" width="24" height="24" viewBox="0 0 24 24" fill="none" stroke="currentColor" stroke-width="1" stroke-linecap="round" stroke-linejoin="round" class="lucide lucide-menu" aria-hidden="true"><path d="M4 5h16"></path><path d="M4 12h16"></path><path d="M4 19h16"></path></svg></button><button class="text-gray-900 hover:text-gray-600"><svg xmlns="http://www.w3.org/2000/svg" width="20" height="20" viewBox="0 0 24 24" fill="none" stroke="currentColor" stroke-width="1.5" stroke-linecap="round" stroke-linejoin="round" class="lucide lucide-search" aria-hidden="true"><path d="m21 21-4.34-4.34"></path><circle cx="11" cy="11" r="8"></circle></svg></button></div><a class="font-serif text-2xl md:text-3xl tracking-wide z-50 absolute left-1/2 transform -translate-x-1/2 md:static md:transform-none md:mr-12 transition-opacity duration-300 text-gray-900 opacity-100" href="/">Akuzie</a><div class="hidden md:flex items-center gap-12 flex-1"><a class="text-xs uppercase tracking-[0.2em] font-medium transition-colors text-gray-500 hover:text-gray-900" href="/gallery?category=painting">Art</a><a class="text-xs uppercase tracking-[0.2em] font-medium transition-colors text-red-500 hover:text-red-600 animate-pulse" href="/auctions">Live Auctions</a><a class="text-xs uppercase tracking-[0.2em] font-medium transition-colors text-gray-500 hover:text-gray-900" href="/gallery?category=crochet">Crochet</a></div><div class="hidden md:flex items-center gap-8"><div class="transition-all duration-300 overflow-hidden w-0 opacity-0"><form><input type="text" placeholder="Search..." class="w-full bg-transparent border-b py-1 text-sm focus:outline-none font-sans border-stone-300 text-gray-900 focus:border-stone-900" value=""/></form></div><button class="transition-colors text-gray-900 hover:text-gray-600"><svg xmlns="http://www.w3.org/2000/svg" width="20" height="20" viewBox="0 0 24 24" fill="none" stroke="currentColor" stroke-width="1.5" stroke-linecap="round" stroke-linejoin="round" class="lucide lucide-search" aria-hidden="true"><path d="m21 21-4.34-4.34"></path><circle cx="11" cy="11" r="8"></circle></svg></button><div class="relative"><div class="w-5 h-5 bg-stone-100 rounded-full animate-pulse"></div></div><a class="group relative flex items-center gap-2 text-gray-900 hover:text-gray-600" href="/cart"><span class="text-xs uppercase tracking-[0.2em] font-medium transition-colors group-hover:text-gray-600">Cart</span><div class="relative"><svg xmlns="http://www.w3.org/2000/svg" width="18" height="18" viewBox="0 0 24 24" fill="none" stroke="currentColor" stroke-width="1.5" stroke-linecap="round" stroke-linejoin="round" class="lucide lucide-shopping-bag" aria-hidden="true"><path d="M16 10a4 4 0 0 1-8 0"></path><path d="M3.103 6.034h17.794"></path><path d="M3.4 5.467a2 2 0 0 0-.4 1.2V20a2 2 0 0 0 2 2h14a2 2 0 0 0 2-2V6.667a2 2 0 0 0-.4-1.2l-2-2.667A2 2 0 0 0 17 2H7a2 2 0 0 0-1.6.8z"></path></svg></div></a></div><div class="md:hidden flex items-center gap-4 z-50"><a class="relative text-gray-900 hover:text-gray-600" href="/cart"><svg xmlns="http://www.w3.org/2000/svg" width="20" height="20" viewBox="0 0 24 24" fill="none" stroke="currentColor" stroke-width="1.5" stroke-linecap="round" stroke-linejoin="round" class="lucide lucide-shopping-bag" aria-hidden="true"><path d="M16 10a4 4 0 0 1-8 0"></path><path d="M3.103 6.034h17.794"></path><path d="M3.4 5.467a2 2 0 0 0-.4 1.2V20a2 2 0 0 0 2 2h14a2 2 0 0 0 2-2V6.667a2 2 0 0 0-.4-1.2l-2-2.667A2 2 0 0 0 17 2H7a2 2 0 0 0-1.6.8z"></path></svg></a><a class="text-gray-900 hover:text-gray-600" href="/login"><svg xmlns="http://www.w3.org/2000/svg" width="20" height="20" viewBox="0 0 24 24" fill="none" stroke="currentColor" stroke-width="1.5" stroke-linecap="round" stroke-linejoin="round" class="lucide lucide-user" aria-hidden="true"><path d="M19 21v-2a4 4 0 0 0-4-4H9a4 4 0 0 0-4 4v2"></path><circle cx="12" cy="7" r="4"></circle></svg></a></div></div></div></nav><div class="fixed inset-0 bg-white z-[60] flex flex-col justify-start items-center pt-32 gap-10 transition-all duration-500 ease-in-out md:hidden -translate-y-full opacity-0 pointer-events-none"><div class="flex flex-col items-center gap-8"><a class="font-serif text-4xl text-gray-900 hover:text-stone-500 transition-colors" href="/">Home</a><a class="font-serif text-4xl text-gray-900 hover:text-stone-500 transition-colors" href="/gallery?category=painting">Art</a><a class="font-serif text-4xl text-red-600 hover:text-red-700 transition-colors animate-pulse" href="/auctions">Live Auctions</a><a class="font-serif text-4xl text-gray-900 hover:text-stone-500 transition-colors" href="/gallery?category=crochet">Crochet</a><a class="font-serif text-4xl text-gray-900 hover:text-stone-500 transition-colors" href="/cart">Cart (<!-- -->0<!-- -->)</a><a class="font-serif text-4xl text-gray-900 hover:text-stone-500 transition-colors" href="/login">Login</a></div><button class="mt-12 p-4 rounded-full bg-stone-100 text-gray-900 hover:bg-stone-200 transition-colors"><svg xmlns="http://www.w3.org/2000/svg" width="24" height="24" viewBox="0 0 24 24" fill="none" stroke="currentColor" stroke-width="1" stroke-linecap="round" stroke-linejoin="round" class="lucide lucide-x" aria-hidden="true"><path d="M18 6 6 18"></path><path d="m6 6 12 12"></path></svg></button></div><main class="flex-grow"><!--$--><div class="min-h-screen flex items-center justify-center"><div class="w-10 h-10 border-4 border-violet-500 border-t-transparent rounded-full animate-spin"></div></div><!--$--><!--/$--><!--/$--></main><footer class="bg-white py-16 border-t border-gray-100 mt-20"><div class="max-w-7xl mx-auto px-6 flex flex-col items-center gap-8"><a class="font-serif text-3xl tracking-tighter text-gray-900 transition-colors hover:text-violet-600" href="/">akuzie</a><div class="flex items-center gap-8"><a href="https://instagram.com/akuzie27" target="_blank" rel="noopener noreferrer" class="text-gray-400 hover:text-violet-600 transition-all hover:scale-110" title="Instagram"><svg xmlns="http://www.w3.org/2000/svg" width="24" height="24" viewBox="0 0 24 24" fill="none" stroke="currentColor" stroke-width="1.5" stroke-linecap="round" stroke-linejoin="round" class="lucide lucide-instagram" aria-hidden="true"><rect width="20" height="20" x="2" y="2" rx="5" ry="5"></rect><path d="M16 11.37A4 4 0 1 1 12.63 8 4 4 0 0 1 16 11.37z"></path><line x1="17.5" x2="17.51" y1="6.5" y2="6.5"></line></svg></a><a href="https://wa.me/918217262053" target="_blank" rel="noopener noreferrer" class="text-gray-400 hover:text-emerald-500 transition-all hover:scale-110" title="WhatsApp"><svg xmlns="http://www.w3.org/2000/svg" width="24" height="24" viewBox="0 0 24 24" fill="none" stroke="currentColor" stroke-width="1.5" stroke-linecap="round" stroke-linejoin="round" class="lucide lucide-message-circle" aria-hidden="true"><path d="M2.992 16.342a2 2 0 0 1 .094 1.167l-1.065 3.29a1 1 0 0 0 1.236 1.168l3.413-.998a2 2 0 0 1 1.099.092 10 10 0 1 0-4.777-4.719"></path></svg></a><a href="mailto:akuzie27@gmail.com" class="text-gray-400 hover:text-blue-500 transition-all hover:scale-110" title="Email"><svg xmlns="http://www.w3.org/2000/svg" width="24" height="24" viewBox="0 0 24 24" fill="none" stroke="currentColor" stroke-width="1.5" stroke-linecap="round" stroke-linejoin="round" class="lucide lucide-mail" aria-hidden="true"><path d="m22 7-8.991 5.727a2 2 0 0 1-2.009 0L2 7"></path><rect x="2" y="4" width="20" height="16" rx="2"></rect></svg></a></div><div class="flex flex-wrap justify-center gap-6 md:gap-8 text-[11px] uppercase tracking-widest font-medium text-gray-400"><a class="hover:text-stone-800 transition-colors" href="/privacy">Privacy Policy</a><a class="hover:text-stone-800 transition-colors" href="/terms">Terms of Service</a><a class="hover:text-stone-800 transition-colors" href="/refund-policy">Refund Policy</a><a class="hover:text-stone-800 transition-colors" href="/shipping">Shipping</a></div><div class="text-[10px] uppercase tracking-[0.3em] text-gray-300 font-bold mt-4">© <!-- -->2026<!-- --> AKUZIE</div></div></footer> <script id="_R_">self.__next_r="DlVCqEnSSH-qDBteguDyp"</script><script src="/_next/static/chunks/%5Bturbopack%5D_browser_dev_hmr-client_hmr-client_ts_956a0d3a._.js" async=""></script><script>(self.__next_f=self.__next_f||[]).push([0])</script><script>self.__next_f.push([1,"7:I[\"[project]/node_modules/next/dist/next-devtools/userspace/app/segment-explorer-node.js [app-client] (ecmascript)\",[\"/_next/static/chunks/node_modules_next_dist_be32b49c._.js\",\"/_next/static/chunks/src_app_favicon_ico_mjs_81d86e48._.js\"],\"SegmentViewNode\"]\n9:\"$Sreact.fragment\"\n1e:I[\"[project]/src/components/Providers.js [app-client] (ecmascript)\",[\"/_next/static/chunks/_82c82338._.js\",\"/_next/static/chunks/node_modules_next_a5adf73a._.js\",\"/_next/static/chunks/node_modules_%40firebase_auth_dist_esm_41d6d1e7._.js\",\"/_next/static/chunks/node_modules_%40firebase_firestore_dist_5fba790c._.js\",\"/_next/static/chunks/node_modules_tailwind-merge_dist_bundle-mjs_mjs_56b6fd65._.js\",\"/_next/static/chunks/node_modules_312ad4ac._.js\",\"/_next/static/chunks/src_a02903b8._.js\",\"/_next/static/chunks/src_app_layout_1cf6b850.js\"],\"Providers\"]\n20:I[\"[project]/src/components/Navbar.js [app-client] (ecmascript)\",[\"/_next/static/chunks/_82c82338._.js\",\"/_next/static/chunks/node_modules_next_a5adf73a._.js\",\"/_next/static/chunks/node_modules_%40firebase_auth_dist_esm_41d6d1e7._.js\",\"/_next/static/chunks/node_modules_%40firebase_firestore_dist_5fba790c._.js\",\"/_next/static/chunks/node_modules_tailwind-merge_dist_bundle-mjs_mjs_56b6fd65._.js\",\"/_next/static/chunks/node_modules_312ad4ac._.js\",\"/_next/static/chunks/src_a02903b8._.js\",\"/_next/static/chunks/src_app_layout_1cf6b850.js\"],\"default\"]\n23:I[\"[project]/node_modules/next/dist/client/components/layout-router.js [app-client] (ecmascript)\",[\"/_next/static/chunks/node_modules_next_dist_be32b49c._.js\",\"/_next/static/chunks/src_app_favicon_ico_mjs_81d86e48._.js\"],\"default\"]\n24:I[\"[project]/src/app/error.js [app-client] (ecmascript)\",[\"/_next/static/chunks/_82c82338._.js\",\"/_next/static/chunks/node_modules_next_a5adf73a._.js\",\"/_next/static/chunks/node_modules_%40firebase_auth_dist_esm_41d6d1e7._.js\",\"/_next/static/chunks/node_modules_%40firebase_firestore_dist_5fba790c._.js\",\"/_next/static/chunks/node_modules_tailwind-merge_dist_bundle-mjs_mjs_56b6fd65._.js\",\"/_next/static/chunks/node_modules_312ad4ac._.js\",\"/_next/static/chunks/src_a02903b8._.js\",\"/_next/static/chunks/src_app_layout_1cf6b850.js\",\"/_next/static/chunks/src_app_error_5ae81633.js\",\"/_next/static/chunks/src_app_error_b135f38e.js\"],\"default\"]\n29:I[\"[project]/node_modules/next/dist/client/components/render-from-template-context.js [app-client] (ecmascript)\",[\"/_next/static/chunks/node_modules_next_dist_be32b49c._.js\",\"/_next/static/chunks/src_app_favicon_ico_mjs_81d86e48._.js\"],\"default\"]\n34:I[\"[project]/node_modules/next/dist/client/app-dir/link.js [app-client] (ecmascript)\",[\"/_next/static/chunks/_82c82338._.js\",\"/_next/static/chunks/node_modules_next_a5adf73a._.js\",\"/_next/static/chunks/node_modules_%40firebase_auth_dist_esm_41d6d1e7._.js\",\"/_next/static/chunks/node_modules_%40firebase_firestore_dist_5fba790c._.js\",\"/_next/static/chunks/node_modules_tailwind-merge_dist_bundle-mjs_mjs_56b6fd65._.js\",\"/_next/static/chunks/node_modules_312ad4ac._.js\",\"/_next/static/chunks/src_a02903b8._.js\",\"/_next/static/chunks/src_app_layout_1cf6b850.js\",\"/_next/static/chunks/src_app_not-found_b135f38e.js\"],\"\"]\n3a:I[\"[project]/src/components/Footer.js [app-client] (ecmascript)\",[\"/_next/static/chunks/_82c82338._.js\",\"/_next/static/chunks/node_modules_next_a5adf73a._.js\",\"/_next/static/chunks/node_modules_%40firebase_auth_dist_esm_41d6d1e7._.js\",\"/_next/static/chunks/node_modules_%40firebase_firestore_dist_5fba790c._.js\",\"/_next/static/chunks/node_modules_tailwind-merge_dist_bundle-mjs_mjs_56b6fd65._.js\",\"/_next/static/chunks/node_modules_312ad4ac._.js\",\"/_next/static/chunks/src_a02903b8._.js\",\"/_next/static/chunks/src_app_layout_1cf6b850.js\"],\"default\"]\n3c:I[\"[project]/node_modules/@next/third-parties/dist/google/ga.js [app-client] (ecmascript)\",[\"/_next/static/chunks/_82c82338._.js\",\"/_next/static/chunks/node_modules_next_a5adf73a._.js\",\"/_next/static/chunks/node_modules_%40firebase_auth_dist_esm_41d6d1e7._.js\",\"/_next/static/chunks/node_modules_%40firebase_firestore_dist_5fba790c._.js\",\"/_next/static/chunks/node_modules_tailwind-merge_dist_bundle-"])</script><script>self.__next_f.push([1,"mjs_mjs_56b6fd65._.js\",\"/_next/static/chunks/node_modules_312ad4ac._.js\",\"/_next/static/chunks/src_a02903b8._.js\",\"/_next/static/chunks/src_app_layout_1cf6b850.js\"],\"GoogleAnalytics\"]\n43:I[\"[project]/node_modules/next/dist/client/components/client-page.js [app-client] (ecmascript)\",[\"/_next/static/chunks/node_modules_next_dist_be32b49c._.js\",\"/_next/static/chunks/src_app_favicon_ico_mjs_81d86e48._.js\"],\"ClientPageRoot\"]\n44:I[\"[project]/src/app/auctions/page.js [app-client] (ecmascript)\",[\"/_next/static/chunks/_82c82338._.js\",\"/_next/static/chunks/node_modules_next_a5adf73a._.js\",\"/_next/static/chunks/node_modules_%40firebase_auth_dist_esm_41d6d1e7._.js\",\"/_next/static/chunks/node_modules_%40firebase_firestore_dist_5fba790c._.js\",\"/_next/static/chunks/node_modules_tailwind-merge_dist_bundle-mjs_mjs_56b6fd65._.js\",\"/_next/static/chunks/node_modules_312ad4ac._.js\",\"/_next/static/chunks/src_a02903b8._.js\",\"/_next/static/chunks/src_app_layout_1cf6b850.js\",\"/_next/static/chunks/node_modules_aa7d0a6f._.js\",\"/_next/static/chunks/src_f88e00e6._.js\",\"/_next/static/chunks/src_app_auctions_page_b135f38e.js\"],\"default\"]\n4b:I[\"[project]/node_modules/next/dist/lib/framework/boundary-components.js [app-client] (ecmascript)\",[\"/_next/static/chunks/node_modules_next_dist_be32b49c._.js\",\"/_next/static/chunks/src_app_favicon_ico_mjs_81d86e48._.js\"],\"OutletBoundary\"]\n4d:\"$Sreact.suspense\"\n77:I[\"[project]/node_modules/next/dist/lib/framework/boundary-components.js [app-client] (ecmascript)\",[\"/_next/static/chunks/node_modules_next_dist_be32b49c._.js\",\"/_next/static/chunks/src_app_favicon_ico_mjs_81d86e48._.js\"],\"ViewportBoundary\"]\n7e:I[\"[project]/node_modules/next/dist/lib/framework/boundary-components.js [app-client] (ecmascript)\",[\"/_next/static/chunks/node_modules_next_dist_be32b49c._.js\",\"/_next/static/chunks/src_app_favicon_ico_mjs_81d86e48._.js\"],\"MetadataBoundary\"]\n84:I[\"[project]/node_modules/next/dist/client/components/builtin/global-error.js [app-client] (ecmascript)\",[\"/_next/static/chunks/node_modules_next_dist_client_components_builtin_global-error_1cf6b850.js\"],\"default\"]\naf:I[\"[project]/node_modules/next/dist/lib/metadata/generate/icon-mark.js [app-client] (ecmascript)\",[\"/_next/static/chunks/node_modules_next_dist_be32b49c._.js\",\"/_next/static/chunks/src_app_favicon_ico_mjs_81d86e48._.js\"],\"IconMark\"]\n:HL[\"/_next/static/chunks/%5Broot-of-the-server%5D__67ce84ca._.css\",\"style\"]\n:HL[\"/_next/static/media/2a65768255d6b625-s.p.d19752fb.woff2\",\"font\",{\"crossOrigin\":\"\",\"type\":\"font/woff2\"}]\n:HL[\"/_next/static/media/83afe278b6a6bb3c-s.p.3a6ba036.woff2\",\"font\",{\"crossOrigin\":\"\",\"type\":\"font/woff2\"}]\n:N1770882385503.9988\n3:\"$EObject.defineProperty(()=\u003e{ctx.componentMod.preloadStyle(fullHref,ctx.renderOpts.crossOrigin,ctx.nonce)},\\\"name\\\",{value:\\\"\\\"})\"\n4:\"$EObject.defineProperty(()=\u003e{ctx.componentMod.preloadFont(href,type,ctx.renderOpts.crossOrigin,ctx.nonce)},\\\"name\\\",{value:\\\"\\\"})\"\n5:\"$EObject.defineProperty(()=\u003e{ctx.componentMod.preloadFont(href,type,ctx.renderOpts.crossOrigin,ctx.nonce)},\\\"name\\\",{value:\\\"\\\"})\"\n2:{\"name\":\"Preloads\",\"key\":null,\"env\":\"Server\",\"stack\":[],\"props\":{\"preloadCallbacks\":[\"$3\",\"$4\",\"$5\"]}}\n6:[]\n8:[]\na:[[\"Array.map\",\"\",0,0,0,0,false]]\nb:[[\"Array.map\",\"\",0,0,0,0,false]]\nc:[[\"Array.map\",\"\",0,0,0,0,false]]\nd:[[\"Array.map\",\"\",0,0,0,0,false]]\ne:[[\"Array.map\",\"\",0,0,0,0,false]]\nf:[[\"Array.map\",\"\",0,0,0,0,false]]\n10:[[\"Array.map\",\"\",0,0,0,0,false]]\n11:[[\"Array.map\",\"\",0,0,0,0,false]]\n12:[[\"Array.map\",\"\",0,0,0,0,false]]\n15:I[\"[project]/node_modules/next/dist/client/components/layout-router.js [app-client] (ecmascript)\",[\"/_next/static/chunks/node_modules_next_dist_be32b49c._.js\",\"/_next/static/chunks/src_app_favicon_ico_mjs_81d86e48._.js\"],\"default\"]\n17:I[\"[project]/src/app/error.js [app-client] (ecmascript)\",[\"/_next/static/chunks/_82c82338._.js\",\"/_next/static/chunks/node_modules_next_a5adf73a._.js\",\"/_next/static/chunks/node_modules_%40firebase_auth_dist_esm_41d6d1e7._.js\",\"/_next/static/chunks/node_modules_%40firebase_firestore_dist_5fba790c._.js\",\"/_next/static/chunks/node_modules_tailwind-merge_dist_bundle-mjs_"])</script><script>self.__next_f.push([1,"mjs_56b6fd65._.js\",\"/_next/static/chunks/node_modules_312ad4ac._.js\",\"/_next/static/chunks/src_a02903b8._.js\",\"/_next/static/chunks/src_app_layout_1cf6b850.js\",\"/_next/static/chunks/src_app_error_5ae81633.js\",\"/_next/static/chunks/src_app_error_b135f38e.js\"],\"default\"]\n18:{\"type\":\"error\",\"pagePath\":\"error.js\",\"children\":[]}\n19:[[\"Function.all\",\"\",0,0,0,0,true]]\n16:{\"parallelRouterKey\":\"children\",\"error\":\"$17\",\"errorStyles\":[\"$\",\"$L7\",null,\"$18\",null,\"$19\",0],\"errorScripts\":\"$Y\",\"template\":\"$Y\",\"templateStyles\":\"$undefined\",\"templateScripts\":\"$undefined\",\"notFound\":\"$Y\",\"forbidden\":\"$undefined\",\"unauthorized\":\"$undefined\",\"segmentViewBoundaries\":\"$Y\"}\n1a:[[\"Function.all\",\"\",0,0,0,0,true]]\n14:{\"name\":\"RootLayout\",\"key\":null,\"env\":\"Server\",\"stack\":[],\"props\":{\"children\":[\"$\",\"$L15\",null,\"$16\",null,\"$1a\",1],\"params\":\"$Y\"}}\n1b:[[\"RootLayout\",\"G:\\\\akuzie\\\\.next\\\\dev\\\\server\\\\chunks\\\\ssr\\\\[root-of-the-server]__4dcdde40._.js\",262,263,261,1,false]]\n1c:[[\"RootLayout\",\"G:\\\\akuzie\\\\.next\\\\dev\\\\server\\\\chunks\\\\ssr\\\\[root-of-the-server]__4dcdde40._.js\",265,270,261,1,false]]\n1d:[[\"RootLayout\",\"G:\\\\akuzie\\\\.next\\\\dev\\\\server\\\\chunks\\\\ssr\\\\[root-of-the-server]__4dcdde40._.js\",268,268,261,1,false]]\n1f:[[\"RootLayout\",\"G:\\\\akuzie\\\\.next\\\\dev\\\\server\\\\chunks\\\\ssr\\\\[root-of-the-server]__4dcdde40._.js\",270,276,261,1,false]]\n21:[[\"RootLayout\",\"G:\\\\akuzie\\\\.next\\\\dev\\\\server\\\\chunks\\\\ssr\\\\[root-of-the-server]__4dcdde40._.js\",275,276,261,1,false]]\n22:[[\"Function.all\",\"\",0,0,0,0,true]]\n25:[[\"Function.all\",\"\",0,0,0,0,true]]\n26:[[\"Array.map\",\"\",0,0,0,0,false]]\n27:[[\"Array.map\",\"\",0,0,0,0,false]]\n28:[[\"Function.all\",\"\",0,0,0,0,true]]\n2a:[]\n2c:{\"name\":\"NotFound\",\"key\":null,\"env\":\"Server\",\"stack\":[],\"props\":{}}\n2d:[[\"NotFound\",\"G:\\\\akuzie\\\\.next\\\\dev\\\\server\\\\chunks\\\\ssr\\\\_ed747bdf._.js\",14,263,13,1,false]]\n2e:[[\"NotFound\",\"G:\\\\akuzie\\\\.next\\\\dev\\\\server\\\\chunks\\\\ssr\\\\_ed747bdf._.js\",17,264,13,1,false]]\n2f:[[\"NotFound\",\"G:\\\\akuzie\\\\.next\\\\dev\\\\server\\\\chunks\\\\ssr\\\\_ed747bdf._.js\",25,264,13,1,false]]\n30:[[\"NotFound\",\"G:\\\\akuzie\\\\.next\\\\dev\\\\server\\\\chunks\\\\ssr\\\\_ed747bdf._.js\",33,264,13,1,false]]\n32:{\"name\":\"LinkComponent\",\"key\":null,\"env\":\"Server\",\"owner\":\"$2c\",\"stack\":[[\"NotFound\",\"G:\\\\akuzie\\\\.next\\\\dev\\\\server\\\\chunks\\\\ssr\\\\_ed747bdf._.js\",41,264,13,1,false]],\"props\":{\"href\":\"/\",\"className\":\"px-8 py-3 bg-stone-900 text-white text-xs uppercase tracking-[0.2em] hover:bg-violet-600 transition-colors duration-300\",\"children\":\"Return Home\"}}\n33:[]\n35:[[\"Function.all\",\"\",0,0,0,0,true]]\n36:[[\"Function.all\",\"\",0,0,0,0,true]]\n37:[[\"Function.all\",\"\",0,0,0,0,true]]\n38:[[\"Function.all\",\"\",0,0,0,0,true]]\n39:[[\"RootLayout\",\"G:\\\\akuzie\\\\.next\\\\dev\\\\server\\\\chunks\\\\ssr\\\\[root-of-the-server]__4dcdde40._.js\",283,276,261,1,false]]\n3b:[[\"RootLayout\",\"G:\\\\akuzie\\\\.next\\\\dev\\\\server\\\\chunks\\\\ssr\\\\[root-of-the-server]__4dcdde40._.js\",294,268,261,1,false]]\n3d:[[\"Function.all\",\"\",0,0,0,0,true]]\n3e:[[\"Function.all\",\"\",0,0,0,0,true],[\"Function.all\",\"\",0,0,0,0,true]]\n3f:[[\"Function.all\",\"\",0,0,0,0,true],[\"Function.all\",\"\",0,0,0,0,true]]\n40:[[\"Function.all\",\"\",0,0,0,0,true],[\"Function.all\",\"\",0,0,0,0,true]]\n41:[[\"Function.all\",\"\",0,0,0,0,true],[\"Function.all\",\"\",0,0,0,0,true]]\n42:[[\"Function.all\",\"\",0,0,0,0,true],[\"Function.all\",\"\",0,0,0,0,true]]\n45:[[\"Array.map\",\"\",0,0,0,0,false],[\"Array.map\",\"\",0,0,0,0,false],[\"Function.all\",\"\",0,0,0,0,true]]\n46:[[\"Array.map\",\"\",0,0,0,0,false],[\"Array.map\",\"\",0,0,0,0,false],[\"Function.all\",\"\",0,0,0,0,true]]\n47:[[\"Array.map\",\"\",0,0,0,0,false],[\"Array.map\",\"\",0,0,0,0,false],[\"Function.all\",\"\",0,0,0,0,true]]\n49:{\"name\":\"Next.MetadataOutlet\",\"key\":null,\"env\":\"Server\",\"stack\":[[\"Function.all\",\"\",0,0,0,0,true],[\"Function.all\",\"\",0,0,0,0,true]],\"props\":{}}\n4a:[]\n4c:[]\n4f:[]\n51:{\"name\":\"Loading\",\"key\":\"l\",\"env\":\"Server\",\"stack\":[],\"props\":{}}\n52:[[\"Loading\",\"G:\\\\akuzie\\\\.next\\\\dev\\\\server\\\\chunks\\\\ssr\\\\src_app_loading_285101a8.js\",12,263,11,1,false]]\n53:[[\"Loading\",\"G:\\\\akuzie\\\\.next\\\\dev\\\\server\\\\chunks\\\\ssr\\\\src_app_loading_285101a8.js\",14,270,11,1,false]]\n54:[[\"Loading\",\"G:\\\\akuzie\\\\.next\\\\dev\\\\server\\\\chunks\\\\ssr\\\\src_app_loading_285101a8.js\",17,"])</script><script>self.__next_f.push([1,"268,11,1,false]]\n55:[[\"Loading\",\"G:\\\\akuzie\\\\.next\\\\dev\\\\server\\\\chunks\\\\ssr\\\\src_app_loading_285101a8.js\",20,276,11,1,false]]\n56:[[\"Loading\",\"G:\\\\akuzie\\\\.next\\\\dev\\\\server\\\\chunks\\\\ssr\\\\src_app_loading_285101a8.js\",27,276,11,1,false]]\n57:[[\"Loading\",\"G:\\\\akuzie\\\\.next\\\\dev\\\\server\\\\chunks\\\\ssr\\\\src_app_loading_285101a8.js\",40,268,11,1,false]]\n58:[[\"\",\"G:\\\\akuzie\\\\.next\\\\dev\\\\server\\\\chunks\\\\ssr\\\\src_app_loading_285101a8.js\",49,283,49,27,false],[\"Array.map\",\"\",0,0,0,0,false],[\"Loading\",\"G:\\\\akuzie\\\\.next\\\\dev\\\\server\\\\chunks\\\\ssr\\\\src_app_loading_285101a8.js\",49,23,11,1,false]]\n59:[[\"\",\"G:\\\\akuzie\\\\.next\\\\dev\\\\server\\\\chunks\\\\ssr\\\\src_app_loading_285101a8.js\",52,284,49,27,false],[\"Array.map\",\"\",0,0,0,0,false],[\"Loading\",\"G:\\\\akuzie\\\\.next\\\\dev\\\\server\\\\chunks\\\\ssr\\\\src_app_loading_285101a8.js\",49,23,11,1,false]]\n5a:[[\"\",\"G:\\\\akuzie\\\\.next\\\\dev\\\\server\\\\chunks\\\\ssr\\\\src_app_loading_285101a8.js\",59,284,49,27,false],[\"Array.map\",\"\",0,0,0,0,false],[\"Loading\",\"G:\\\\akuzie\\\\.next\\\\dev\\\\server\\\\chunks\\\\ssr\\\\src_app_loading_285101a8.js\",49,23,11,1,false]]\n5b:[[\"\",\"G:\\\\akuzie\\\\.next\\\\dev\\\\server\\\\chunks\\\\ssr\\\\src_app_loading_285101a8.js\",62,292,49,27,false],[\"Array.map\",\"\",0,0,0,0,false],[\"Loading\",\"G:\\\\akuzie\\\\.next\\\\dev\\\\server\\\\chunks\\\\ssr\\\\src_app_loading_285101a8.js\",49,23,11,1,false]]\n5c:[[\"\",\"G:\\\\akuzie\\\\.next\\\\dev\\\\server\\\\chunks\\\\ssr\\\\src_app_loading_285101a8.js\",69,292,49,27,false],[\"Array.map\",\"\",0,0,0,0,false],[\"Loading\",\"G:\\\\akuzie\\\\.next\\\\dev\\\\server\\\\chunks\\\\ssr\\\\src_app_loading_285101a8.js\",49,23,11,1,false]]\n5d:[[\"\",\"G:\\\\akuzie\\\\.next\\\\dev\\\\server\\\\chunks\\\\ssr\\\\src_app_loading_285101a8.js\",49,283,49,27,false],[\"Array.map\",\"\",0,0,0,0,false],[\"Loading\",\"G:\\\\akuzie\\\\.next\\\\dev\\\\server\\\\chunks\\\\ssr\\\\src_app_loading_285101a8.js\",49,23,11,1,false]]\n5e:[[\"\",\"G:\\\\akuzie\\\\.next\\\\dev\\\\server\\\\chunks\\\\ssr\\\\src_app_loading_285101a8.js\",52,284,49,27,false],[\"Array.map\",\"\",0,0,0,0,false],[\"Loading\",\"G:\\\\akuzie\\\\.next\\\\dev\\\\server\\\\chunks\\\\ssr\\\\src_app_loading_285101a8.js\",49,23,11,1,false]]\n5f:[[\"\",\"G:\\\\akuzie\\\\.next\\\\dev\\\\server\\\\chunks\\\\ssr\\\\src_app_loading_285101a8.js\",59,284,49,27,false],[\"Array.map\",\"\",0,0,0,0,false],[\"Loading\",\"G:\\\\akuzie\\\\.next\\\\dev\\\\server\\\\chunks\\\\ssr\\\\src_app_loading_285101a8.js\",49,23,11,1,false]]\n60:[[\"\",\"G:\\\\akuzie\\\\.next\\\\dev\\\\server\\\\chunks\\\\ssr\\\\src_app_loading_285101a8.js\",62,292,49,27,false],[\"Array.map\",\"\",0,0,0,0,false],[\"Loading\",\"G:\\\\akuzie\\\\.next\\\\dev\\\\server\\\\chunks\\\\ssr\\\\src_app_loading_285101a8.js\",49,23,11,1,false]]\n61:[[\"\",\"G:\\\\akuzie\\\\.next\\\\dev\\\\server\\\\chunks\\\\ssr\\\\src_app_loading_285101a8.js\",69,292,49,27,false],[\"Array.map\",\"\",0,0,0,0,false],[\"Loading\",\"G:\\\\akuzie\\\\.next\\\\dev\\\\server\\\\chunks\\\\ssr\\\\src_app_loading_285101a8.js\",49,23,11,1,false]]\n62:[[\"\",\"G:\\\\akuzie\\\\.next\\\\dev\\\\server\\\\chunks\\\\ssr\\\\src_app_loading_285101a8.js\",49,283,49,27,false],[\"Array.map\",\"\",0,0,0,0,false],[\"Loading\",\"G:\\\\akuzie\\\\.next\\\\dev\\\\server\\\\chunks\\\\ssr\\\\src_app_loading_285101a8.js\",49,23,11,1,false]]\n63:[[\"\",\"G:\\\\akuzie\\\\.next\\\\dev\\\\server\\\\chunks\\\\ssr\\\\src_app_loading_285101a8.js\",52,284,49,27,false],[\"Array.map\",\"\",0,0,0,0,false],[\"Loading\",\"G:\\\\akuzie\\\\.next\\\\dev\\\\server\\\\chunks\\\\ssr\\\\src_app_loading_285101a8.js\",49,23,11,1,false]]\n64:[[\"\",\"G:\\\\akuzie\\\\.next\\\\dev\\\\server\\\\chunks\\\\ssr\\\\src_app_loading_285101a8.js\",59,284,49,27,false],[\"Array.map\",\"\",0,0,0,0,false],[\"Loading\",\"G:\\\\akuzie\\\\.next\\\\dev\\\\server\\\\chunks\\\\ssr\\\\src_app_loading_285101a8.js\",49,23,11,1,false]]\n65:[[\"\",\"G:\\\\akuzie\\\\.next\\\\dev\\\\server\\\\chunks\\\\ssr\\\\src_app_loading_285101a8.js\",62,292,49,27,false],[\"Array.map\",\"\",0,0,0,0,false],[\"Loading\",\"G:\\\\akuzie\\\\.next\\\\dev\\\\server\\\\chunks\\\\ssr\\\\src_app_loading_285101a8.js\",49,23,11,1,false]]\n66:[[\"\",\"G:\\\\akuzie\\\\.next\\\\dev\\\\server\\\\chunks\\\\ssr\\\\src_app_loading_285101a8.js\",69,292,49,27,false],[\"Array.map\",\"\",0,0,0,0,false],[\"Loading\",\"G:\\\\akuzie\\\\.next\\\\dev\\\\server\\\\chunks\\\\ssr\\\\src_app_loading_285101a8.js\",49,23,11,1,false]]\n67:[[\"\",\"G:\\\\akuzie\\\\.next\\\\dev\\\\server\\\\chunks\\\\ssr\\\\src_app_loading_285101a8.js\",49,283,49,27,false],[\"Array.map\",\"\",0,0,0,0,false],[\"Loading\",\"G:\\\\akuzie\\\\.next\\"])</script><script>self.__next_f.push([1,"\\dev\\\\server\\\\chunks\\\\ssr\\\\src_app_loading_285101a8.js\",49,23,11,1,false]]\n68:[[\"\",\"G:\\\\akuzie\\\\.next\\\\dev\\\\server\\\\chunks\\\\ssr\\\\src_app_loading_285101a8.js\",52,284,49,27,false],[\"Array.map\",\"\",0,0,0,0,false],[\"Loading\",\"G:\\\\akuzie\\\\.next\\\\dev\\\\server\\\\chunks\\\\ssr\\\\src_app_loading_285101a8.js\",49,23,11,1,false]]\n69:[[\"\",\"G:\\\\akuzie\\\\.next\\\\dev\\\\server\\\\chunks\\\\ssr\\\\src_app_loading_285101a8.js\",59,284,49,27,false],[\"Array.map\",\"\",0,0,0,0,false],[\"Loading\",\"G:\\\\akuzie\\\\.next\\\\dev\\\\server\\\\chunks\\\\ssr\\\\src_app_loading_285101a8.js\",49,23,11,1,false]]\n6a:[[\"\",\"G:\\\\akuzie\\\\.next\\\\dev\\\\server\\\\chunks\\\\ssr\\\\src_app_loading_285101a8.js\",62,292,49,27,false],[\"Array.map\",\"\",0,0,0,0,false],[\"Loading\",\"G:\\\\akuzie\\\\.next\\\\dev\\\\server\\\\chunks\\\\ssr\\\\src_app_loading_285101a8.js\",49,23,11,1,false]]\n6b:[[\"\",\"G:\\\\akuzie\\\\.next\\\\dev\\\\server\\\\chunks\\\\ssr\\\\src_app_loading_285101a8.js\",69,292,49,27,false],[\"Array.map\",\"\",0,0,0,0,false],[\"Loading\",\"G:\\\\akuzie\\\\.next\\\\dev\\\\server\\\\chunks\\\\ssr\\\\src_app_loading_285101a8.js\",49,23,11,1,false]]\n6c:[[\"\",\"G:\\\\akuzie\\\\.next\\\\dev\\\\server\\\\chunks\\\\ssr\\\\src_app_loading_285101a8.js\",49,283,49,27,false],[\"Array.map\",\"\",0,0,0,0,false],[\"Loading\",\"G:\\\\akuzie\\\\.next\\\\dev\\\\server\\\\chunks\\\\ssr\\\\src_app_loading_285101a8.js\",49,23,11,1,false]]\n70:[]\n"])</script><script>self.__next_f.push([1,"73:\"$EObject.defineProperty(function(type,config,children){for(var propName,i=2;i\u003carguments.length;i++)validateChildKeys(arguments[i]);i={};var key=null;if(null!=config)for(propName in didWarnAboutOldJSXRuntime||!(\\\"__self\\\"in config)||\\\"key\\\"in config||(didWarnAboutOldJSXRuntime=!0,console.warn(\\\"Your app (or one of its dependencies) is using an outdated JSX transform. Update to the modern JSX transform for faster performance: https://react.dev/link/new-jsx-transform\\\")),hasValidKey(config)\u0026\u0026(checkKeyStringCoercion(config.key),key=\\\"\\\"+config.key),config)hasOwnProperty.call(config,propName)\u0026\u0026\\\"key\\\"!==propName\u0026\u0026\\\"__self\\\"!==propName\u0026\u0026\\\"__source\\\"!==propName\u0026\u0026(i[propName]=config[propName]);var childrenLength=arguments.length-2;if(1===childrenLength)i.children=children;else if(1\u003cchildrenLength){for(var childArray=Array(childrenLength),_i=0;_i\u003cchildrenLength;_i++)childArray[_i]=arguments[_i+2];Object.freeze\u0026\u0026Object.freeze(childArray),i.children=childArray}if(type\u0026\u0026type.defaultProps)for(propName in childrenLength=type.defaultProps)void 0===i[propName]\u0026\u0026(i[propName]=childrenLength[propName]);return key\u0026\u0026function(props,displayName){function warnAboutAccessingKey(){specialPropKeyWarningShown||(specialPropKeyWarningShown=!0,console.error(\\\"%s: `key` is not a prop. Trying to access it will result in `undefined` being returned. If you need to access the same value within the child component, you should pass it as a different prop. (https://react.dev/link/special-props)\\\",displayName))}warnAboutAccessingKey.isReactWarning=!0,Object.defineProperty(props,\\\"key\\\",{get:warnAboutAccessingKey,configurable:!0})}(i,\\\"function\\\"==typeof type?type.displayName||type.name||\\\"Unknown\\\":type),(propName=1e4\u003eReactSharedInternals.recentlyCreatedOwnerStacks++)?(childArray=Error.stackTraceLimit,Error.stackTraceLimit=10,childrenLength=Error(\\\"react-stack-top-frame\\\"),Error.stackTraceLimit=childArray):childrenLength=unknownOwnerDebugStack,ReactElement(type,key,i,getOwner(),childrenLength,propName?createTask(getTaskName(type)):unknownOwnerDebugTask)},\\\"name\\\",{value:\\\"\\\"})\"\n"])</script><script>self.__next_f.push([1,"72:{\"name\":\"NonIndex\",\"key\":null,\"env\":\"Server\",\"stack\":[],\"props\":{\"createElement\":\"$73\",\"pagePath\":\"/auctions\",\"statusCode\":200,\"isPossibleServerAction\":false}}\n75:{\"name\":\"ViewportWrapper\",\"key\":null,\"env\":\"Server\",\"stack\":[],\"props\":{}}\n76:[]\n79:{\"name\":\"Next.Viewport\",\"key\":null,\"env\":\"Server\",\"owner\":\"$75\",\"stack\":[],\"props\":{}}\n7b:{\"name\":\"MetadataWrapper\",\"key\":null,\"env\":\"Server\",\"stack\":[],\"props\":{}}\n7c:[]\n7d:[]\n7f:[]\n81:{\"name\":\"Next.Metadata\",\"key\":null,\"env\":\"Server\",\"owner\":\"$7b\",\"stack\":[],\"props\":{}}\n82:[]\n85:[]\n86:[[\"\",\"G:\\\\akuzie\\\\.next\\\\dev\\\\server\\\\chunks\\\\ssr\\\\src_app_loading_285101a8.js\",52,284,49,27,false],[\"Array.map\",\"\",0,0,0,0,false],[\"Loading\",\"G:\\\\akuzie\\\\.next\\\\dev\\\\server\\\\chunks\\\\ssr\\\\src_app_loading_285101a8.js\",49,23,11,1,false]]\n87:[[\"\",\"G:\\\\akuzie\\\\.next\\\\dev\\\\server\\\\chunks\\\\ssr\\\\src_app_loading_285101a8.js\",59,284,49,27,false],[\"Array.map\",\"\",0,0,0,0,false],[\"Loading\",\"G:\\\\akuzie\\\\.next\\\\dev\\\\server\\\\chunks\\\\ssr\\\\src_app_loading_285101a8.js\",49,23,11,1,false]]\n88:[[\"\",\"G:\\\\akuzie\\\\.next\\\\dev\\\\server\\\\chunks\\\\ssr\\\\src_app_loading_285101a8.js\",62,292,49,27,false],[\"Array.map\",\"\",0,0,0,0,false],[\"Loading\",\"G:\\\\akuzie\\\\.next\\\\dev\\\\server\\\\chunks\\\\ssr\\\\src_app_loading_285101a8.js\",49,23,11,1,false]]\n89:[[\"\",\"G:\\\\akuzie\\\\.next\\\\dev\\\\server\\\\chunks\\\\ssr\\\\src_app_loading_285101a8.js\",69,292,49,27,false],[\"Array.map\",\"\",0,0,0,0,false],[\"Loading\",\"G:\\\\akuzie\\\\.next\\\\dev\\\\server\\\\chunks\\\\ssr\\\\src_app_loading_285101a8.js\",49,23,11,1,false]]\n8a:[[\"\",\"G:\\\\akuzie\\\\.next\\\\dev\\\\server\\\\chunks\\\\ssr\\\\src_app_loading_285101a8.js\",49,283,49,27,false],[\"Array.map\",\"\",0,0,0,0,false],[\"Loading\",\"G:\\\\akuzie\\\\.next\\\\dev\\\\server\\\\chunks\\\\ssr\\\\src_app_loading_285101a8.js\",49,23,11,1,false]]\n8b:[[\"\",\"G:\\\\akuzie\\\\.next\\\\dev\\\\server\\\\chunks\\\\ssr\\\\src_app_loading_285101a8.js\",52,284,49,27,false],[\"Array.map\",\"\",0,0,0,0,false],[\"Loading\",\"G:\\\\akuzie\\\\.next\\\\dev\\\\server\\\\chunks\\\\ssr\\\\src_app_loading_285101a8.js\",49,23,11,1,false]]\n8c:[[\"\",\"G:\\\\akuzie\\\\.next\\\\dev\\\\server\\\\chunks\\\\ssr\\\\src_app_loading_285101a8.js\",59,284,49,27,false],[\"Array.map\",\"\",0,0,0,0,false],[\"Loading\",\"G:\\\\akuzie\\\\.next\\\\dev\\\\server\\\\chunks\\\\ssr\\\\src_app_loading_285101a8.js\",49,23,11,1,false]]\n8d:[[\"\",\"G:\\\\akuzie\\\\.next\\\\dev\\\\server\\\\chunks\\\\ssr\\\\src_app_loading_285101a8.js\",62,292,49,27,false],[\"Array.map\",\"\",0,0,0,0,false],[\"Loading\",\"G:\\\\akuzie\\\\.next\\\\dev\\\\server\\\\chunks\\\\ssr\\\\src_app_loading_285101a8.js\",49,23,11,1,false]]\n8e:[[\"\",\"G:\\\\akuzie\\\\.next\\\\dev\\\\server\\\\chunks\\\\ssr\\\\src_app_loading_285101a8.js\",69,292,49,27,false],[\"Array.map\",\"\",0,0,0,0,false],[\"Loading\",\"G:\\\\akuzie\\\\.next\\\\dev\\\\server\\\\chunks\\\\ssr\\\\src_app_loading_285101a8.js\",49,23,11,1,false]]\n8f:[]\n90:[]\n91:[]\n92:[]\n93:[[\"Array.map\",\"\",0,0,0,0,false]]\n94:[]\n95:[]\n96:[]\n97:[]\n98:[]\n99:[[\"Array.map\",\"\",0,0,0,0,false]]\n9a:[[\"Array.map\",\"\",0,0,0,0,false]]\n9b:[[\"Array.map\",\"\",0,0,0,0,false],[\"Array.map\",\"\",0,0,0,0,false]]\n9c:[]\n9d:[]\n9e:[]\n9f:[]\na0:[]\na1:[[\"Array.map\",\"\",0,0,0,0,false],[\"Array.map\",\"\",0,0,0,0,false]]\na2:[[\"Array.map\",\"\",0,0,0,0,false],[\"Array.map\",\"\",0,0,0,0,false]]\na3:[[\"Array.map\",\"\",0,0,0,0,false],[\"Array.map\",\"\",0,0,0,0,false]]\na4:[[\"Array.map\",\"\",0,0,0,0,false],[\"Array.map\",\"\",0,0,0,0,false]]\na5:[]\na6:[]\na7:[]\na8:[]\na9:[]\naa:[[\"Array.map\",\"\",0,0,0,0,false],[\"Array.map\",\"\",0,0,0,0,false]]\nab:[[\"Array.map\",\"\",0,0,0,0,false]]\nac:[[\"Array.map\",\"\",0,0,0,0,false]]\nad:[[\"Array.map\",\"\",0,0,0,0,false]]\nae:[]\n1:D{\"time\":3.485000000000582}\n1:D\"$2\"\n1:D{\"time\":4.3629000000073574}\n1:null\n13:D{\"time\":7.958599999998114}\n13:D\"$14\"\n13:D{\"time\":17.26820000000589}\n2b:D{\"time\":18.529900000008638}\n2b:D\"$2c\"\n2b:D{\"time\":19.299200000008568}\n31:D{\"time\":19.81390000000829}\n31:D\"$32\"\n31:D{\"time\":20.50110000000859}\n31:[\"$\",\"$L34\",null,{\"href\":\"/\",\"className\":\"px-8 py-3 bg-stone-900 text-white text-xs uppercase tracking-[0.2em] hover:bg-violet-600 transition-colors duration-300\",\"children\":\"Return Home\"},\"$32\",\"$33\",1]\n2b:[\"$\",\"div\",null,{\"className\":\"min-h-screen flex flex-col items-center justify-center bg-[#fafafa] px-6 text-center\",\"children\":[[\"$\",\"h1\",null,{\"className\":\"font-serif "])</script><script>self.__next_f.push([1,"text-9xl text-stone-200 font-bold mb-4 select-none\",\"children\":\"404\"},\"$2c\",\"$2e\",1],[\"$\",\"h2\",null,{\"className\":\"text-3xl md:text-4xl font-serif text-gray-900 mb-6\",\"children\":\"Lost in the Abstract?\"},\"$2c\",\"$2f\",1],[\"$\",\"p\",null,{\"className\":\"text-gray-500 font-light max-w-md mx-auto mb-10 leading-relaxed\",\"children\":\"The page you are looking for seems to have been moved, deleted, or never existed. Just like art, sometimes things are open to interpretation.\"},\"$2c\",\"$30\",1],\"$31\"]},\"$2c\",\"$2d\",1]\n"])</script><script>self.__next_f.push([1,"13:[\"$\",\"html\",null,{\"lang\":\"en\",\"className\":\"inter_a869fe2d-module__Nl2jCG__variable playfair_display_62fbafff-module__QowLcq__variable scroll-smooth\",\"children\":[\"$\",\"body\",null,{\"className\":\"bg-[#fafafa] min-h-screen flex flex-col font-sans selection:bg-stone-900 selection:text-white antialiased\",\"children\":[[\"$\",\"$L1e\",null,{\"children\":[[\"$\",\"$L20\",null,{},\"$14\",\"$1f\",1],[\"$\",\"main\",null,{\"className\":\"flex-grow\",\"children\":[\"$\",\"$L23\",null,{\"parallelRouterKey\":\"children\",\"error\":\"$24\",\"errorStyles\":[\"$\",\"$L7\",null,{\"type\":\"error\",\"pagePath\":\"error.js\",\"children\":[]},null,\"$25\",0],\"errorScripts\":[[\"$\",\"script\",\"script-0\",{\"src\":\"/_next/static/chunks/src_app_error_5ae81633.js\",\"async\":true},null,\"$26\",0],[\"$\",\"script\",\"script-1\",{\"src\":\"/_next/static/chunks/src_app_error_b135f38e.js\",\"async\":true},null,\"$27\",0]],\"template\":[\"$\",\"$L29\",null,{},null,\"$28\",1],\"templateStyles\":\"$undefined\",\"templateScripts\":\"$undefined\",\"notFound\":[\"$\",\"$L7\",\"c-not-found\",{\"type\":\"not-found\",\"pagePath\":\"not-found.js\",\"children\":[\"$2b\",[]]},null,\"$2a\",0],\"forbidden\":\"$undefined\",\"unauthorized\":\"$undefined\",\"segmentViewBoundaries\":[[\"$\",\"$L7\",null,{\"type\":\"boundary:not-found\",\"pagePath\":\"not-found.js@boundary\"},null,\"$35\",1],[\"$\",\"$L7\",null,{\"type\":\"boundary:loading\",\"pagePath\":\"loading.js@boundary\"},null,\"$36\",1],[\"$\",\"$L7\",null,{\"type\":\"boundary:error\",\"pagePath\":\"error.js@boundary\"},null,\"$37\",1],[\"$\",\"$L7\",null,{\"type\":\"boundary:global-error\",\"pagePath\":\"__next_builtin__global-error.js\"},null,\"$38\",1]]},null,\"$22\",1]},\"$14\",\"$21\",1],[\"$\",\"$L3a\",null,{},\"$14\",\"$39\",1]]},\"$14\",\"$1d\",1],[\"$\",\"$L3c\",null,{\"gaId\":\"G-157L7EBZZG\"},\"$14\",\"$3b\",1],\" \"]},\"$14\",\"$1c\",1]},\"$14\",\"$1b\",1]\n"])</script><script>self.__next_f.push([1,"48:D{\"time\":22.005199999999604}\n48:D\"$49\"\n48:D{\"time\":25.20919999999751}\n48:[\"$\",\"$L4b\",null,{\"children\":[\"$\",\"$4d\",null,{\"name\":\"Next.MetadataOutlet\",\"children\":\"$@4e\"},\"$49\",\"$4c\",1]},\"$49\",\"$4a\",1]\n50:D{\"time\":25.94550000000163}\n50:D\"$51\"\n50:D{\"time\":27.24310000000696}\n"])</script><script>self.__next_f.push([1,"50:[\"$\",\"div\",\"l\",{\"className\":\"min-h-screen pt-32 pb-24 px-6 lg:px-12 bg-[#fafafa]\",\"children\":[\"$\",\"div\",null,{\"className\":\"max-w-7xl mx-auto\",\"children\":[[\"$\",\"div\",null,{\"className\":\"flex flex-col items-center justify-center mb-20 space-y-4\",\"children\":[[\"$\",\"div\",null,{\"className\":\"h-8 w-48 bg-gray-200 rounded animate-pulse\"},\"$51\",\"$55\",1],[\"$\",\"div\",null,{\"className\":\"h-4 w-32 bg-gray-100 rounded animate-pulse\"},\"$51\",\"$56\",1]]},\"$51\",\"$54\",1],[\"$\",\"div\",null,{\"className\":\"grid grid-cols-1 md:grid-cols-2 lg:grid-cols-3 gap-y-20 gap-x-12\",\"children\":[[\"$\",\"div\",\"1\",{\"className\":\"space-y-4\",\"children\":[[\"$\",\"div\",null,{\"className\":\"aspect-[4/5] bg-gray-200 rounded-sm animate-pulse\"},\"$51\",\"$59\",1],[\"$\",\"div\",null,{\"className\":\"space-y-2\",\"children\":[[\"$\",\"div\",null,{\"className\":\"h-4 w-2/3 bg-gray-200 rounded animate-pulse\"},\"$51\",\"$5b\",1],[\"$\",\"div\",null,{\"className\":\"h-3 w-1/3 bg-gray-100 rounded animate-pulse\"},\"$51\",\"$5c\",1]]},\"$51\",\"$5a\",1]]},\"$51\",\"$58\",0],[\"$\",\"div\",\"2\",{\"className\":\"space-y-4\",\"children\":[[\"$\",\"div\",null,{\"className\":\"aspect-[4/5] bg-gray-200 rounded-sm animate-pulse\"},\"$51\",\"$5e\",1],[\"$\",\"div\",null,{\"className\":\"space-y-2\",\"children\":[[\"$\",\"div\",null,{\"className\":\"h-4 w-2/3 bg-gray-200 rounded animate-pulse\"},\"$51\",\"$60\",1],[\"$\",\"div\",null,{\"className\":\"h-3 w-1/3 bg-gray-100 rounded animate-pulse\"},\"$51\",\"$61\",1]]},\"$51\",\"$5f\",1]]},\"$51\",\"$5d\",0],[\"$\",\"div\",\"3\",{\"className\":\"space-y-4\",\"children\":[[\"$\",\"div\",null,{\"className\":\"aspect-[4/5] bg-gray-200 rounded-sm animate-pulse\"},\"$51\",\"$63\",1],[\"$\",\"div\",null,{\"className\":\"space-y-2\",\"children\":[[\"$\",\"div\",null,{\"className\":\"h-4 w-2/3 bg-gray-200 rounded animate-pulse\"},\"$51\",\"$65\",1],[\"$\",\"div\",null,{\"className\":\"h-3 w-1/3 bg-gray-100 rounded animate-pulse\"},\"$51\",\"$66\",1]]},\"$51\",\"$64\",1]]},\"$51\",\"$62\",0],[\"$\",\"div\",\"4\",{\"className\":\"space-y-4\",\"children\":[[\"$\",\"div\",null,{\"className\":\"aspect-[4/5] bg-gray-200 rounded-sm animate-pulse\"},\"$51\",\"$68\",1],[\"$\",\"div\",null,{\"className\":\"space-y-2\",\"children\":[[\"$\",\"div\",null,{\"className\":\"h-4 w-2/3 bg-gray-200 rounded animate-pulse\"},\"$51\",\"$6a\",1],[\"$\",\"div\",null,{\"className\":\"h-3 w-1/3 bg-gray-100 rounded animate-pulse\"},\"$51\",\"$6b\",1]]},\"$51\",\"$69\",1]]},\"$51\",\"$67\",0],[\"$\",\"div\",\"5\",{\"className\":\"space-y-4\",\"children\":[\"$L6d\",\"$L6e\"]},\"$51\",\"$6c\",0],\"$L6f\"]},\"$51\",\"$57\",1]]},\"$51\",\"$53\",1]},\"$51\",\"$52\",1]\n"])</script><script>self.__next_f.push([1,"71:D{\"time\":36.68660000000091}\n71:D\"$72\"\n71:D{\"time\":36.8752999999997}\n71:null\n74:D{\"time\":37.04360000000452}\n74:D\"$75\"\n74:D{\"time\":37.39070000000356}\n78:D{\"time\":37.537899999995716}\n78:D\"$79\"\n74:[\"$\",\"$L77\",null,{\"children\":\"$L78\"},\"$75\",\"$76\",1]\n7a:D{\"time\":38.75759999999718}\n7a:D\"$7b\"\n7a:D{\"time\":39.16169999999693}\n80:D{\"time\":39.494900000005146}\n80:D\"$81\"\n7a:[\"$\",\"div\",null,{\"hidden\":true,\"children\":[\"$\",\"$L7e\",null,{\"children\":[\"$\",\"$4d\",null,{\"name\":\"Next.Metadata\",\"children\":\"$L80\"},\"$7b\",\"$7f\",1]},\"$7b\",\"$7d\",1]},\"$7b\",\"$7c\",1]\n83:[]\n"])</script><script>self.__next_f.push([1,"0:{\"P\":\"$1\",\"b\":\"development\",\"c\":[\"\",\"auctions\"],\"q\":\"\",\"i\":false,\"f\":[[[\"\",{\"children\":[\"auctions\",{\"children\":[\"__PAGE__\",{}]}]},\"$undefined\",\"$undefined\",true],[[\"$\",\"$L7\",\"layout\",{\"type\":\"layout\",\"pagePath\":\"layout.js\",\"children\":[\"$\",\"$9\",\"c\",{\"children\":[[[\"$\",\"link\",\"0\",{\"rel\":\"stylesheet\",\"href\":\"/_next/static/chunks/%5Broot-of-the-server%5D__67ce84ca._.css\",\"precedence\":\"next_static/chunks/[root-of-the-server]__67ce84ca._.css\",\"crossOrigin\":\"$undefined\",\"nonce\":\"$undefined\"},null,\"$a\",0],[\"$\",\"script\",\"script-0\",{\"src\":\"/_next/static/chunks/_82c82338._.js\",\"async\":true,\"nonce\":\"$undefined\"},null,\"$b\",0],[\"$\",\"script\",\"script-1\",{\"src\":\"/_next/static/chunks/node_modules_next_a5adf73a._.js\",\"async\":true,\"nonce\":\"$undefined\"},null,\"$c\",0],[\"$\",\"script\",\"script-2\",{\"src\":\"/_next/static/chunks/node_modules_%40firebase_auth_dist_esm_41d6d1e7._.js\",\"async\":true,\"nonce\":\"$undefined\"},null,\"$d\",0],[\"$\",\"script\",\"script-3\",{\"src\":\"/_next/static/chunks/node_modules_%40firebase_firestore_dist_5fba790c._.js\",\"async\":true,\"nonce\":\"$undefined\"},null,\"$e\",0],[\"$\",\"script\",\"script-4\",{\"src\":\"/_next/static/chunks/node_modules_tailwind-merge_dist_bundle-mjs_mjs_56b6fd65._.js\",\"async\":true,\"nonce\":\"$undefined\"},null,\"$f\",0],[\"$\",\"script\",\"script-5\",{\"src\":\"/_next/static/chunks/node_modules_312ad4ac._.js\",\"async\":true,\"nonce\":\"$undefined\"},null,\"$10\",0],[\"$\",\"script\",\"script-6\",{\"src\":\"/_next/static/chunks/src_a02903b8._.js\",\"async\":true,\"nonce\":\"$undefined\"},null,\"$11\",0],[\"$\",\"script\",\"script-7\",{\"src\":\"/_next/static/chunks/src_app_layout_1cf6b850.js\",\"async\":true,\"nonce\":\"$undefined\"},null,\"$12\",0]],\"$13\"]},null,\"$8\",1]},null,\"$6\",0],{\"children\":[[\"$\",\"$9\",\"c\",{\"children\":[null,[\"$\",\"$L23\",null,{\"parallelRouterKey\":\"children\",\"error\":\"$undefined\",\"errorStyles\":\"$undefined\",\"errorScripts\":\"$undefined\",\"template\":[\"$\",\"$L29\",null,{},null,\"$3f\",1],\"templateStyles\":\"$undefined\",\"templateScripts\":\"$undefined\",\"notFound\":\"$undefined\",\"forbidden\":\"$undefined\",\"unauthorized\":\"$undefined\",\"segmentViewBoundaries\":[\"$undefined\",\"$undefined\",\"$undefined\",\"$undefined\"]},null,\"$3e\",1]]},null,\"$3d\",0],{\"children\":[[\"$\",\"$9\",\"c\",{\"children\":[[\"$\",\"$L7\",\"c-page\",{\"type\":\"page\",\"pagePath\":\"auctions/page.js\",\"children\":[\"$\",\"$L43\",null,{\"Component\":\"$44\",\"serverProvidedParams\":{\"searchParams\":{},\"params\":{},\"promises\":null}},null,\"$42\",1]},null,\"$41\",1],[[\"$\",\"script\",\"script-0\",{\"src\":\"/_next/static/chunks/node_modules_aa7d0a6f._.js\",\"async\":true,\"nonce\":\"$undefined\"},null,\"$45\",0],[\"$\",\"script\",\"script-1\",{\"src\":\"/_next/static/chunks/src_f88e00e6._.js\",\"async\":true,\"nonce\":\"$undefined\"},null,\"$46\",0],[\"$\",\"script\",\"script-2\",{\"src\":\"/_next/static/chunks/src_app_auctions_page_b135f38e.js\",\"async\":true,\"nonce\":\"$undefined\"},null,\"$47\",0]],\"$48\"]},null,\"$40\",0],{},null,false,false]},null,false,false]},[[\"$\",\"$L7\",\"c-loading\",{\"type\":\"loading\",\"pagePath\":\"loading.js\",\"children\":\"$50\"},null,\"$4f\",0],[],[]],false,false],[\"$\",\"$9\",\"h\",{\"children\":[\"$71\",\"$74\",\"$7a\",[\"$\",\"meta\",null,{\"name\":\"next-size-adjust\",\"content\":\"\"},null,\"$82\",1]]},null,\"$70\",0],false]],\"m\":\"$W83\",\"G\":[\"$84\",[\"$\",\"$L7\",\"ge-svn\",{\"type\":\"global-error\",\"pagePath\":\"__next_builtin__global-error.js\",\"children\":[]},null,\"$85\",0]],\"S\":false}\n"])</script><script>self.__next_f.push([1,"6d:D{\"time\":40.99229999999807}\n6d:[\"$\",\"div\",null,{\"className\":\"aspect-[4/5] bg-gray-200 rounded-sm animate-pulse\"},\"$51\",\"$86\",1]\n6e:D{\"time\":41.10000000000582}\n6e:[\"$\",\"div\",null,{\"className\":\"space-y-2\",\"children\":[[\"$\",\"div\",null,{\"className\":\"h-4 w-2/3 bg-gray-200 rounded animate-pulse\"},\"$51\",\"$88\",1],[\"$\",\"div\",null,{\"className\":\"h-3 w-1/3 bg-gray-100 rounded animate-pulse\"},\"$51\",\"$89\",1]]},\"$51\",\"$87\",1]\n6f:D{\"time\":41.27939999999944}\n6f:[\"$\",\"div\",\"6\",{\"className\":\"space-y-4\",\"children\":[[\"$\",\"div\",null,{\"className\":\"aspect-[4/5] bg-gray-200 rounded-sm animate-pulse\"},\"$51\",\"$8b\",1],[\"$\",\"div\",null,{\"className\":\"space-y-2\",\"children\":[[\"$\",\"div\",null,{\"className\":\"h-4 w-2/3 bg-gray-200 rounded animate-pulse\"},\"$51\",\"$8d\",1],[\"$\",\"div\",null,{\"className\":\"h-3 w-1/3 bg-gray-100 rounded animate-pulse\"},\"$51\",\"$8e\",1]]},\"$51\",\"$8c\",1]]},\"$51\",\"$8a\",0]\n78:D{\"time\":50.100600000005215}\n78:[[\"$\",\"meta\",\"0\",{\"charSet\":\"utf-8\"},\"$49\",\"$8f\",0],[\"$\",\"meta\",\"1\",{\"name\":\"viewport\",\"content\":\"width=device-width, initial-scale=1\"},\"$49\",\"$90\",0]]\n4e:D{\"time\":57.82310000000871}\n4e:null\n80:D{\"time\":57.85109999999986}\n"])</script><script>self.__next_f.push([1,"80:[[\"$\",\"title\",\"0\",{\"children\":\"Akuzie | Where Everything Hits Different\"},\"$49\",\"$91\",0],[\"$\",\"meta\",\"1\",{\"name\":\"description\",\"content\":\"A dynamic digital space that connects it all in one place.\"},\"$49\",\"$92\",0],[\"$\",\"meta\",\"2\",{\"name\":\"author\",\"content\":\"Akshath\"},\"$49\",\"$93\",0],[\"$\",\"meta\",\"3\",{\"name\":\"keywords\",\"content\":\"akuzie,digital space,dynamic,platform,connect,experience,online\"},\"$49\",\"$94\",0],[\"$\",\"meta\",\"4\",{\"name\":\"creator\",\"content\":\"Akshath\"},\"$49\",\"$95\",0],[\"$\",\"meta\",\"5\",{\"name\":\"publisher\",\"content\":\"Akuzie\"},\"$49\",\"$96\",0],[\"$\",\"meta\",\"6\",{\"name\":\"robots\",\"content\":\"index, follow\"},\"$49\",\"$97\",0],[\"$\",\"meta\",\"7\",{\"name\":\"googlebot\",\"content\":\"index, follow, max-video-preview:-1, max-image-preview:large, max-snippet:-1\"},\"$49\",\"$98\",0],[\"$\",\"meta\",\"8\",{\"name\":\"google-site-verification\",\"content\":\"google-site-verification=google9cfe29dd6eccd1c1\"},\"$49\",\"$99\",0],[\"$\",\"meta\",\"9\",{\"name\":\"yandex-verification\",\"content\":\"yandex-verification=YOUR_VERIFICATION_CODE\"},\"$49\",\"$9a\",0],[\"$\",\"meta\",\"10\",{\"name\":\"msvalidate.01\",\"content\":\"3EEFA2BC8606071A2BC80F135DD9F5E8\"},\"$49\",\"$9b\",0],[\"$\",\"meta\",\"11\",{\"property\":\"og:title\",\"content\":\"Akuzie | Where Everything Hits Different\"},\"$49\",\"$9c\",0],[\"$\",\"meta\",\"12\",{\"property\":\"og:description\",\"content\":\"A dynamic digital space that connects it all in one place.\"},\"$49\",\"$9d\",0],[\"$\",\"meta\",\"13\",{\"property\":\"og:url\",\"content\":\"https://akuzie.in\"},\"$49\",\"$9e\",0],[\"$\",\"meta\",\"14\",{\"property\":\"og:site_name\",\"content\":\"Akuzie\"},\"$49\",\"$9f\",0],[\"$\",\"meta\",\"15\",{\"property\":\"og:locale\",\"content\":\"en_US\"},\"$49\",\"$a0\",0],[\"$\",\"meta\",\"16\",{\"property\":\"og:image\",\"content\":\"https://akuzie.in/opengraph-image\"},\"$49\",\"$a1\",0],[\"$\",\"meta\",\"17\",{\"property\":\"og:image:width\",\"content\":\"1200\"},\"$49\",\"$a2\",0],[\"$\",\"meta\",\"18\",{\"property\":\"og:image:height\",\"content\":\"630\"},\"$49\",\"$a3\",0],[\"$\",\"meta\",\"19\",{\"property\":\"og:image:alt\",\"content\":\"Akuzie - Where Everything Hits Different\"},\"$49\",\"$a4\",0],[\"$\",\"meta\",\"20\",{\"property\":\"og:type\",\"content\":\"website\"},\"$49\",\"$a5\",0],[\"$\",\"meta\",\"21\",{\"name\":\"twitter:card\",\"content\":\"summary_large_image\"},\"$49\",\"$a6\",0],[\"$\",\"meta\",\"22\",{\"name\":\"twitter:creator\",\"content\":\"@akuzie_art\"},\"$49\",\"$a7\",0],[\"$\",\"meta\",\"23\",{\"name\":\"twitter:title\",\"content\":\"Akuzie | Where Everything Hits Different\"},\"$49\",\"$a8\",0],[\"$\",\"meta\",\"24\",{\"name\":\"twitter:description\",\"content\":\"A dynamic digital space that connects it all in one place.\"},\"$49\",\"$a9\",0],[\"$\",\"meta\",\"25\",{\"name\":\"twitter:image\",\"content\":\"https://akuzie.in/opengraph-image\"},\"$49\",\"$aa\",0],[\"$\",\"link\",\"26\",{\"rel\":\"icon\",\"href\":\"/favicon.ico?favicon.a60ecce9.ico\",\"sizes\":\"32x32\",\"type\":\"image/x-icon\"},\"$49\",\"$ab\",0],[\"$\",\"link\",\"27\",{\"rel\":\"icon\",\"href\":\"/icon.png\"},\"$49\",\"$ac\",0],[\"$\",\"link\",\"28\",{\"rel\":\"apple-touch-icon\",\"href\":\"/apple-icon.png\"},\"$49\",\"$ad\",0],[\"$\",\"$Laf\",\"29\",{},\"$49\",\"$ae\",0]]\n"])</script></body></html>
